                                           
 ------------------------------ -----------
 CDS                                   3387
 assembly                                 4
 exon                                 20987
 gene                                  3020
 match                                 8662
 match_part                           45144
 match_set                            21199
 polypeptide                           6055
 transcript                            3387

(9 rows affected)
                                                                          
 ------------------------------ ------------------------------ -----------
 CDS                            snap                                     8
 CDS                            augustus                                 8
 CDS                            fgenesh                                 11
 CDS                            combiner                                11
 CDS                            combiner2                               11
 CDS                            glimmerHMM                              12
 CDS                            NGAP                                   150
 exon                           combiner                                77
 exon                           snap                                    80
 exon                           augustus                                81
 exon                           glimmerHMM                              81
 exon                           fgenesh                                 84
 exon                           combiner2                               85
 exon                           NGAP                                   150
 gene                           snap                                     8
 gene                           augustus                                 8
 gene                           fgenesh                                 11
 gene                           combiner                                11
 gene                           combiner2                               11
 gene                           glimmerHMM                              12
 gene                           NGAP                                   150
 match                          cogs                                   107
 match                          jaccard                                330
 match                          HMM2_analysis                         8225
 match_part                     pe                                      18
 match_part                     HMM2_analysis                        10428
 match_part                     wu-blastp                            34698
 match_set                      pe                                      18
 match_set                      wu-blastp                            21181
 polypeptide                    snap                                     8
 polypeptide                    augustus                                 8
 polypeptide                    fgenesh                                 11
 polypeptide                    combiner                                11
 polypeptide                    combiner2                               11
 polypeptide                    glimmerHMM                              12
 polypeptide                    NGAP                                   150
 polypeptide                    HMM2_analysis                         5134
 transcript                     snap                                     8
 transcript                     augustus                                 8
 transcript                     fgenesh                                 11
 transcript                     combiner                                11
 transcript                     combiner2                               11
 transcript                     glimmerHMM                              12
 transcript                     NGAP                                   150

(44 rows affected)
                                                                          
 ------------------------------ ------------------------------ -----------
 CDS                            targetP_curated                         11
 CDS                            signalP_curated                       3176
 assembly                       comment                                  2
 assembly                       date                                     4
 assembly                       length                                   4
 assembly                       fa_left                                  4
 assembly                       assignby                                 4
 assembly                       fa_right                                 4
 assembly                       fa_orient                                4
 assembly                       chromosome                               4
 match                          date                                  8225
 match                          assignby                              8225
 match                          HMM_curated                           8225
 match                          total_score                           8225
 match                          expect_whole                          8225
 match_part                     PEffect_Cluster_Id                      18
 match_part                     PEffect_Cluster_Gap_Count               18
 match_part                     PEffect_Cluster_Gene_Count              18
 match_part                     domain_score                         10428
 match_part                     expect_domain                        10428
 match_part                     p_value                              34698
 match_part                     percent_similarity                   34698
 match_part                     percent_coverage_refseq              34698
 match_part                     percent_coverage_compseq             34698
 polypeptide                    MW                                      11
 polypeptide                    pI                                      11
 transcript                     comment                                  3
 transcript                     gene_structure_curated                   4
 transcript                     auto_comment                             8
 transcript                     date                                  3176
 transcript                     assignby                              3176
 transcript                     gene_product_name                     3176

(32 rows affected)
                                                                          
 ------------------------------ ------------------------------ -----------
 Brugia malayi                  b_malayi                              1919
 Caenorhabditis briggsae        cba1                                  6771
 Caenorhabditis elegans synteny cea2                                100050
 not known                      not known                             3105

(4 rows affected)
                                           
 ------------------------------ -----------
 EC                                    9238
 GFF3                                    26
 GO                                   18256
 MetaCyc                               3954
 Pfam                                  1885
 RESID                                   11
 Reactome                              1963
 SO                                    1015
 TAIR:TED\                                3
 TC                                     391
 TIGR_TIGRFAMS                          783
 TIGR_euk:bma1                          958
 TIGR_euk:cba1                         1791
 TIGR_euk:cea2                        27240
 TIGR_role                              268
 TIGR_roles_order                       122
 UM-BBD_enzymeID                        451
 UM-BBD_pathwayID                       109
 annotation_attributes.ontology         127
 cea2                                     2
 component.ontology                     155
 evidence_code                          129
 go_properties                           24
 output.ontology                         76
 owl                                      1
 relationship                            18
 synonym_types                            6

(27 rows affected)
                                           
 ------------------------------ -----------
 assembly                             34168
 polypeptide                         150178

(2 rows affected)
                                           
 ------------------------------ -----------
 derives_from                          6774
 member_of                             3387
 part_of                              69518

(3 rows affected)
